whatever, from any King, Prince or foreign State.
Massachusetts - Nathaniel Gorham, Rufus King
That then I scorn to change my state with kings.
